Command: C:\Users\ASUS\.espressif\python_env\idf5.5_py3.10_env\Scripts\python.exe E:\esp-idf-v5.5.1\tools/idf_monitor.py -p COM3 -b 115200 --toolchain-prefix xtensa-esp32-elf- --target esp32 --revision 0 E:\esp-idf\examples\get-started\book-esp32c3-iot-projects-main\device_firmware\pbl3\control_led\build\control_led.elf E:\esp-idf\examples\get-started\book-esp32c3-iot-projects-main\device_firmware\pbl3\control_led\build\bootloader\bootloader.elf --force-color -m 'C:\Users\ASUS\.espressif\python_env\idf5.5_py3.10_env\Scripts\python.exe' 'E:\esp-idf-v5.5.1\tools\idf.py' '-p' 'COM3'
ets Jul 29 2019 12:21:46

rst:0x1 (POWERON_RESET),boot:0x13 (SPI_FAST_FLASH_BOOT)
configsip: 0, SPIWP:0xee
clk_drv:0x00,q_drv:0x00,d_drv:0x00,cs0_drv:0x00,hd_drv:0x00,wp_drv:0x00
mode:DIO, clock div:2
load:0x3fff0030,len:6380
ho 0 tail 12 room 4
load:0x40078000,len:15916
load:0x40080400,len:3860
entry 0x40080638
[0;32mI (29) boot: ESP-IDF v5.5.1 2nd stage bootloader[0m
[0;32mI (29) boot: compile time Nov  9 2025 19:44:56[0m
[0;32mI (29) boot: Multicore bootloader[0m
[0;32mI (31) boot: chip revision: v3.1[0m
[0;32mI (33) boot.esp32: SPI Speed      : 40MHz[0m
[0;32mI (37) boot.esp32: SPI Mode       : DIO[0m
[0;32mI (41) boot.esp32: SPI Flash Size : 2MB[0m
[0;32mI (44) boot: Enabling RNG early entropy source...[0m
[0;32mI (49) boot: Partition Table:[0m
[0;32mI (51) boot: ## Label            Usage          Type ST Offset   Length[0m
[0;32mI (58) boot:  0 nvs              WiFi data        01 02 00009000 00006000[0m
[0;32mI (64) boot:  1 phy_init         RF data          01 01 0000f000 00001000[0m
[0;32mI (71) boot:  2 factory          factory app      00 00 00010000 00100000[0m
[0;32mI (77) boot: End of partition table[0m
[0;32mI (81) esp_image: segment 0: paddr=00010020 vaddr=3f400020 size=20454h (132180) map[0m
[0;32mI (133) esp_image: segment 1: paddr=0003047c vaddr=3ffb0000 size=041d0h ( 16848) load[0m
[0;32mI (140) esp_image: segment 2: paddr=00034654 vaddr=40080000 size=0b9c4h ( 47556) load[0m
[0;32mI (158) esp_image: segment 3: paddr=00040020 vaddr=400d0020 size=aa544h (697668) map[0m
[0;32mI (397) esp_image: segment 4: paddr=000ea56c vaddr=4008b9c4 size=0d094h ( 53396) load[0m
[0;32mI (418) esp_image: segment 5: paddr=000f7608 vaddr=50000000 size=00020h (    32) load[0m
[0;32mI (430) boot: Loaded app from partition at offset 0x10000[0m
[0;32mI (430) boot: Disabling RNG early entropy source...[0m
[0;32mI (441) cpu_start: Multicore app[0m
[0;32mI (449) cpu_start: Pro cpu start user code[0m
[0;32mI (449) cpu_start: cpu freq: 160000000 Hz[0m
[0;32mI (449) app_init: Application information:[0m
[0;32mI (449) app_init: Project name:     control_led[0m
[0;32mI (454) app_init: App version:      4e589ac-dirty[0m
[0;32mI (458) app_init: Compile time:     Nov  9 2025 19:43:24[0m
[0;32mI (463) app_init: ELF file SHA256:  6a5a0ff90...[0m
[0;32mI (467) app_init: ESP-IDF:          v5.5.1[0m
[0;32mI (471) efuse_init: Min chip rev:     v0.0[0m
[0;32mI (475) efuse_init: Max chip rev:     v3.99 [0m
[0;32mI (479) efuse_init: Chip rev:         v3.1[0m
[0;32mI (483) heap_init: Initializing. RAM available for dynamic allocation:[0m
[0;32mI (489) heap_init: At 3FFAE6E0 len 00001920 (6 KiB): DRAM[0m
[0;32mI (494) heap_init: At 3FFB88B8 len 00027748 (157 KiB): DRAM[0m
[0;32mI (500) heap_init: At 3FFE0440 len 00003AE0 (14 KiB): D/IRAM[0m
[0;32mI (505) heap_init: At 3FFE4350 len 0001BCB0 (111 KiB): D/IRAM[0m
[0;32mI (510) heap_init: At 40098A58 len 000075A8 (29 KiB): IRAM[0m
[0;33mW (517) spi_flash: Detected boya flash chip but using generic driver. For optimal functionality, enable `SPI_FLASH_SUPPORT_BOYA_CHIP` in menuconfig[0m
[0;32mI (529) spi_flash: detected chip: generic[0m
[0;32mI (532) spi_flash: flash io: dio[0m
[0;33mW (535) spi_flash: Detected size(4096k) larger than the size in the binary image header(2048k). Using the size in the binary image header.[0m
[0;32mI (549) main_task: Started on CPU0[0m
[0;32mI (559) main_task: Calling app_main()[0m
[0;32mI (579) wifi:wifi driver task: 3ffc06e4, prio:23, stack:6656, core=0[0m
[0;32mI (579) wifi:wifi firmware version: 14da9b7[0m
[0;32mI (579) wifi:wifi certification version: v7.0[0m
[0;32mI (579) wifi:config NVS flash: enabled[0m
[0;32mI (579) wifi:config nano formatting: disabled[0m
[0;32mI (589) wifi:Init data frame dynamic rx buffer num: 32[0m
[0;32mI (589) wifi:Init static rx mgmt buffer num: 5[0m
[0;32mI (599) wifi:Init management short buffer num: 32[0m
[0;32mI (599) wifi:Init dynamic tx buffer num: 32[0m
[0;32mI (599) wifi:Init static rx buffer size: 1600[0m
[0;32mI (609) wifi:Init static rx buffer num: 10[0m
[0;32mI (609) wifi:Init dynamic rx buffer num: 32[0m
[0;32mI (619) wifi_init: rx ba win: 6[0m
[0;32mI (619) wifi_init: accept mbox: 6[0m
[0;32mI (619) wifi_init: tcpip mbox: 32[0m
[0;32mI (619) wifi_init: udp mbox: 6[0m
[0;32mI (629) wifi_init: tcp mbox: 6[0m
[0;32mI (629) wifi_init: tcp tx win: 5760[0m
[0;32mI (629) wifi_init: tcp rx win: 5760[0m
[0;32mI (639) wifi_init: tcp mss: 1440[0m
[0;32mI (639) wifi_init: WiFi IRAM OP enabled[0m
[0;32mI (639) wifi_init: WiFi RX IRAM OP enabled[0m
[0;32mI (679) phy_init: phy_version 4861,b71b5ad,Aug  5 2025,11:16:06[0m
[0;33mW (679) phy_init: failed to load RF calibration data (0x1102), falling back to full calibration[0m
[0;32mI (739) phy_init: Saving new calibration data due to checksum failure or outdated calibration data, mode(2)[0m
[0;32mI (759) wifi:mode : sta (f0:24:f9:5a:77:f8)[0m
[0;32mI (759) wifi:enable tsf[0m
[0;32mI (759) wifi:Set ps type: 0, coexist: 0[0m

[0;32mI (769) wifi_driver: wifi_station_initialize finished. Connecting to SSID:Redmi12[0m
[0;32mI (1029) wifi:new:<1,0>, old:<1,0>, ap:<255,255>, sta:<1,0>, prof:1, snd_ch_cfg:0x0[0m
[0;32mI (1029) wifi:state: init -> auth (0xb0)[0m
[0;32mI (1049) wifi:state: auth -> assoc (0x0)[0m
[0;32mI (1059) wifi:state: assoc -> run (0x10)[0m
[0;32mI (1079) wifi:connected with Redmi12, aid = 12, channel 1, BW20, bssid = 3a:e7:3f:21:47:16[0m
[0;32mI (1079) wifi:security: WPA2-PSK, phy: bgn, rssi: -49[0m
[0;32mI (1089) wifi:pm start, type: 0[0m

[0;32mI (1089) wifi:dp: 1, bi: 102400, li: 3, scale listen interval from 307200 us to 307200 us[0m
[0;32mI (1169) wifi:dp: 2, bi: 102400, li: 4, scale listen interval from 307200 us to 409600 us[0m
[0;32mI (1169) wifi:AP's beacon interval = 102400 us, DTIM period = 2[0m
[0;32mI (2129) esp_netif_handlers: sta ip: 10.197.209.214, mask: 255.255.255.0, gw: 10.197.209.72[0m
[0;32mI (2129) wifi_driver: Got IP: 10.197.209.214[0m
[0;32mI (2129) wifi_driver: Connected to AP SSID:Redmi12 password:12345678[0m
[0;32mI (2129) wifi:state: run -> init (0x0)[0m
[0;32mI (2149) wifi:pm stop, total sleep time: 0 us / 1051838 us[0m

[0;32mI (2149) wifi:new:<1,0>, old:<1,0>, ap:<255,255>, sta:<1,0>, prof:1, snd_ch_cfg:0x0[0m
[0;32mI (2149) wifi:ifx:0, phymode(new:2, sta nvs: 3 ap nvs: 3)[0m
[0;32mI (2159) wifi:enable tsf[0m
[0;32mI (2159) wifi_driver: Retrying to connect to the AP...[0m
[1;31mE (2169) wifi:sta is connecting, return error[0m
[0;32mI (2169) wifi:new:<1,0>, old:<1,0>, ap:<255,255>, sta:<1,0>, prof:1, snd_ch_cfg:0x0[0m
[0;32mI (2169) wifi:state: init -> auth (0xb0)[0m
[0;32mI (2179) MQTT: Other event id:7[0m
[1;31mE (2179) esp-tls: [sock=54] connect() error: Host is unreachable[0m
[1;31mE (2189) transport_base: Failed to open a new connection: 32772[0m
[0;32mI (2189) LED_Driver: LED strip Ä‘Ã£ khá»Ÿi táº¡o thÃ nh cÃ´ng[0m
[0;32mI (2189) wifi:E (2189) mqtt_client: Error transport connect[0m
state: auth -> assoc (0x0)
[0;32mI (2199) MQTT: MQTT_EVENT_ERROR[0m
[0;32mI (2199) LIGHT_SENSOR: Light Sensor initialized on GPIO 14[0m
[1;31mE (2209) MQTT: Last error reported from esp-tls: 0x8004[0m
[0;32mI (2219) MQTT: Last errno string (Success)[0m
[0;32mI (2219) MQTT: MQTT_EVENT_DISCONNECTED[0m
[0;32mI (2219) wifi:state: assoc -> run (0x10)[0m
[0;32mI (2229) MOTION: PIR Motion sensor initialized on GPIO 12[0m
[0;33mW (2239) mqtt_client: Publish: Losing qos0 data when client not connected[0m
[0;32mI (2239) MQTT: Publish motion status (1) msg_id=-1[0m
[0;32mI (2239) wifi:connected with Redmi12, aid = 13, channel 1, BW20, bssid = 3a:e7:3f:21:47:16[0m
[0;32mI (2249) MQTT: Motion detected![0m
[0;32mI (2249) wifi:security: WPA2-PSK, phy: bg, rssi: -50[0m
[0;32mI (2259) wifi:pm start, type: 0[0m

[0;32mI (2259) wifi:dp: 1, bi: 102400, li: 3, scale listen interval from 307200 us to 307200 us[0m
[0;32mI (2249) main_task: Returned from app_main()[0m
[0;32mI (2299) wifi:dp: 2, bi: 102400, li: 4, scale listen interval from 307200 us to 409600 us[0m
[0;32mI (2299) wifi:AP's beacon interval = 102400 us, DTIM period = 2[0m
[0;32mI (3299) esp_netif_handlers: sta ip: 10.197.209.214, mask: 255.255.255.0, gw: 10.197.209.72[0m
[0;32mI (3299) wifi_driver: Got IP: 10.197.209.214[0m
[0;32mI (12229) MQTT: Other event id:7[0m
[0;32mI (12259) MQTT: MQTT_EVENT_CONNECTED[0m
[0;32mI (12259) MQTT: Subscribed to /server/led (msg_id=42369)[0m
[0;32mI (12269) MQTT: MQTT_EVENT_SUBSCRIBED, msg_id=42369[0m
ets Jul 29 2019 12:21:46

rst:0x1 (POWERON_RESET),boot:0x33 (SPI_FAST_FLASH_BOOT)
configsip: 0, SPIWP:0xee
clk_drv:0x00,q_drv:0x00,d_drv:0x00,cs0_drv:0x00,hd_drv:0x00,wp_drv:0x00
mode:DIO, clock div:2
load:0x3fff0030,len:6380
ho 0 tail 12 room 4
load:0x40078000,len:15916
load:0x40080400,len:3860
entry 0x40080638
[0;32mI (29) boot: ESP-IDF v5.5.1 2nd stage bootloader[0m
[0;32mI (29) boot: compile time Nov  9 2025 19:44:56[0m
[0;32mI (29) boot: Multicore bootloader[0m
[0;32mI (31) boot: chip revision: v3.1[0m
[0;32mI (33) boot.esp32: SPI Speed      : 40MHz[0m
[0;32mI (37) boot.esp32: SPI Mode       : DIO[0m
[0;32mI (41) boot.esp32: SPI Flash Size : 2MB[0m
[0;32mI (44) boot: Enabling RNG early entropy source...[0m
[0;32mI (49) boot: Partition Table:[0m
[0;32mI (51) boot: ## Label            Usage          Type ST Offset   Length[0m
[0;32mI (58) boot:  0 nvs              WiFi data        01 02 00009000 00006000[0m
[0;32mI (64) boot:  1 phy_init         RF data          01 01 0000f000 00001000[0m
[0;32mI (71) boot:  2 factory          factory app      00 00 00010000 00100000[0m
[0;32mI (77) boot: End of partition table[0m
[0;32mI (81) esp_image: segment 0: paddr=00010020 vaddr=3f400020 size=20454h (132180) map[0m
[0;32mI (133) esp_image: segment 1: paddr=0003047c vaddr=3ffb0000 size=041d0h ( 16848) load[0m
[0;32mI (140) esp_image: segment 2: paddr=00034654 vaddr=40080000 size=0b9c4h ( 47556) load[0m
[0;32mI (158) esp_image: segment 3: paddr=00040020 vaddr=400d0020 size=aa544h (697668) map[0m
[0;32mI (397) esp_image: segment 4: paddr=000ea56c vaddr=4008b9c4 size=0d094h ( 53396) load[0m
[0;32mI (418) esp_image: segment 5: paddr=000f7608 vaddr=50000000 size=00020h (    32) load[0m
[0;32mI (430) boot: Loaded app from partition at offset 0x10000[0m
[0;32mI (430) boot: Disabling RNG early entropy source...[0m
[0;32mI (441) cpu_start: Multicore app[0m
[0;32mI (449) cpu_start: Pro cpu start user code[0m
[0;32mI (449) cpu_start: cpu freq: 160000000 Hz[0m
[0;32mI (449) app_init: Application information:[0m
[0;32mI (449) app_init: Project name:     control_led[0m
[0;32mI (454) app_init: App version:      4e589ac-dirty[0m
[0;32mI (458) app_init: Compile time:     Nov  9 2025 19:43:24[0m
[0;32mI (463) app_init: ELF file SHA256:  6a5a0ff90...[0m
[0;32mI (467) app_init: ESP-IDF:          v5.5.1[0m
[0;32mI (471) efuse_init: Min chip rev:     v0.0[0m
[0;32mI (475) efuse_init: Max chip rev:     v3.99 [0m
[0;32mI (479) efuse_init: Chip rev:         v3.1[0m
[0;32mI (483) heap_init: Initializing. RAM available for dynamic allocation:[0m
[0;32mI (489) heap_init: At 3FFAE6E0 len 00001920 (6 KiB): DRAM[0m
[0;32mI (494) heap_init: At 3FFB88B8 len 00027748 (157 KiB): DRAM[0m
[0;32mI (500) heap_init: At 3FFE0440 len 00003AE0 (14 KiB): D/IRAM[0m
[0;32mI (505) heap_init: At 3FFE4350 len 0001BCB0 (111 KiB): D/IRAM[0m
[0;32mI (510) heap_init: At 40098A58 len 000075A8 (29 KiB): IRAM[0m
[0;33mW (517) spi_flash: Detected boya flash chip but using generic driver. For optimal functionality, enable `SPI_FLASH_SUPPORT_BOYA_CHIP` in menuconfig[0m
[0;32mI (529) spi_flash: detected chip: generic[0m
[0;32mI (532) spi_flash: flash io: dio[0m
[0;33mW (535) spi_flash: Detected size(4096k) larger than the size in the binary image header(2048k). Using the size in the binary image header.[0m
[0;32mI (549) main_task: Started on CPU0[0m
[0;32mI (559) main_task: Calling app_main()[0m
[0;32mI (599) wifi:wifi driver task: 3ffc080c, prio:23, stack:6656, core=0[0m
[0;32mI (609) wifi:wifi firmware version: 14da9b7[0m
[0;32mI (609) wifi:wifi certification version: v7.0[0m
[0;32mI (609) wifi:config NVS flash: enabled[0m
[0;32mI (609) wifi:config nano formatting: disabled[0m
[0;32mI (609) wifi:Init data frame dynamic rx buffer num: 32[0m
[0;32mI (619) wifi:Init static rx mgmt buffer num: 5[0m
[0;32mI (619) wifi:Init management short buffer num: 32[0m
[0;32mI (629) wifi:Init dynamic tx buffer num: 32[0m
[0;32mI (629) wifi:Init static rx buffer size: 1600[0m
[0;32mI (639) wifi:Init static rx buffer num: 10[0m
[0;32mI (639) wifi:Init dynamic rx buffer num: 32[0m
[0;32mI (639) wifi_init: rx ba win: 6[0m
[0;32mI (649) wifi_init: accept mbox: 6[0m
[0;32mI (649) wifi_init: tcpip mbox: 32[0m
[0;32mI (649) wifi_init: udp mbox: 6[0m
[0;32mI (659) wifi_init: tcp mbox: 6[0m
[0;32mI (659) wifi_init: tcp tx win: 5760[0m
[0;32mI (659) wifi_init: tcp rx win: 5760[0m
[0;32mI (659) wifi_init: tcp mss: 1440[0m
[0;32mI (669) wifi_init: WiFi IRAM OP enabled[0m
[0;32mI (669) wifi_init: WiFi RX IRAM OP enabled[0m
[0;32mI (679) phy_init: phy_version 4861,b71b5ad,Aug  5 2025,11:16:06[0m
[0;32mI (749) wifi:mode : sta (f0:24:f9:5a:77:f8)[0m
[0;32mI (749) wifi:enable tsf[0m
[0;32mI (749) wifi:Set ps type: 0, coexist: 0[0m

[0;32mI (759) wifi_driver: wifi_station_initialize finished. Connecting to SSID:Redmi12[0m
[0;32mI (759) wifi:new:<1,0>, old:<1,0>, ap:<255,255>, sta:<1,0>, prof:1, snd_ch_cfg:0x0[0m
[0;32mI (769) wifi:state: init -> auth (0xb0)[0m
[0;32mI (779) wifi:state: auth -> assoc (0x0)[0m
[0;32mI (789) wifi:state: assoc -> run (0x10)[0m
[0;32mI (799) wifi:connected with Redmi12, aid = 15, channel 1, BW20, bssid = 3a:e7:3f:21:47:16[0m
[0;32mI (799) wifi:security: WPA2-PSK, phy: bg, rssi: -52[0m
[0;32mI (809) wifi:pm start, type: 0[0m

[0;32mI (809) wifi:dp: 1, bi: 102400, li: 3, scale listen interval from 307200 us to 307200 us[0m
[0;32mI (819) wifi:dp: 2, bi: 102400, li: 4, scale listen interval from 307200 us to 409600 us[0m
[0;32mI (819) wifi:AP's beacon interval = 102400 us, DTIM period = 2[0m
[0;32mI (1849) esp_netif_handlers: sta ip: 10.197.209.214, mask: 255.255.255.0, gw: 10.197.209.72[0m
[0;32mI (1849) wifi_driver: Got IP: 10.197.209.214[0m
[0;32mI (1849) wifi_driver: Connected to AP SSID:Redmi12 password:12345678[0m
[0;32mI (1859) MQTT: Other event id:7[0m
[0;32mI (1859) LED_Driver: LED strip Ä‘Ã£ khá»Ÿi táº¡o thÃ nh cÃ´ng[0m
[0;32mI (1859) LIGHT_SENSOR: Light Sensor initialized on GPIO 14[0m
[0;32mI (1869) MOTION: PIR Motion sensor initialized on GPIO 12[0m
[0;32mI (1869) main_task: Returned from app_main()[0m
[0;32mI (1889) MQTT: MQTT_EVENT_CONNECTED[0m
[0;32mI (1889) MQTT: Subscribed to /server/led (msg_id=50153)[0m
[0;32mI (1899) MQTT: Publish motion status (1) msg_id=0[0m
[0;32mI (1899) MQTT: Motion detected![0m
[0;32mI (1899) MQTT: MQTT_EVENT_SUBSCRIBED, msg_id=50153[0m
[0;32mI (5899) MQTT: Publish motion status (0) msg_id=0[0m
[0;32mI (5899) MQTT: Motion stopped![0m
[0;32mI (20399) MQTT: Publish motion status (1) msg_id=0[0m
[0;32mI (20399) MQTT: Motion detected![0m
[0;32mI (26899) MQTT: Publish motion status (0) msg_id=0[0m
[0;32mI (26899) MQTT: Motion stopped![0m
[0;32mI (51399) MQTT: Publish motion status (1) msg_id=0[0m
[0;32mI (51399) MQTT: Motion detected![0m
[0;32mI (73369) MQTT: Publish motion status (1) msg_id=0[0m
[0;32mI (73369) MQTT: Night time[0m
[0;32mI (73869) MQTT: Publish motion status (0) msg_id=0[0m
[0;32mI (73869) MQTT: Day time[0m
[0;32mI (98869) MQTT: Publish motion status (1) msg_id=0[0m
[0;32mI (98869) MQTT: Night time[0m
[0;32mI (120369) MQTT: Publish motion status (0) msg_id=0[0m
[0;32mI (120369) MQTT: Day time[0m
[0;32mI (155369) MQTT: Publish motion status (1) msg_id=0[0m
[0;32mI (155369) MQTT: Night time[0m
ï¿½ï¿½ï¿½ï¿½ï¿½ï¿½ï¿½ï¿½ï¿½ï¿½ï¿½ï¿½ï¿½ï¿½ï¿½ï¿½ï¿½ï¿½ï¿½ï¿½ï¿½ï¿½ï¿½ï¿½ï¿½ï¿½ï¿½ï¿½ï¿½ï¿½ï¿½ï¿½ï¿½ï¿½ï¿½ï¿½ï¿½ï¿½ï¿½ï¿½ï¿½ï¿½ï¿½ï¿½ï¿½ï¿½ï¿½ï¿½ï¿½ï¿½ï¿½ï¿½ï¿½ï¿½ï¿½ï¿½ï¿½ï¿½ï¿½ï¿½ï¿½ï¿½ï¿½ï¿½(198369) MQTT: Publish motion status (0) msg_id=0
[0;32mI (198369) MQTT: Day time[0m
[0;32mI (220899) MQTT: Publish motion status (0) msg_id=0[0m
[0;32mI (220899) MQTT: Motion stopped![0m
[0;32mI (223369) MQTT: Publish motion status (1) msg_id=0[0m
[0;32mI (223369) MQTT: Night time[0m
[0;32mI (223399) MQTT: Publish motion status (1) msg_id=0[0m
[0;32mI (223399) MQTT: Motion detected![0m
[0;32mI (238869) MQTT: Publish motion status (0) msg_id=0[0m
[0;32mI (238869) MQTT: Day time[0m
[0;32mI (259399) MQTT: Publish motion status (0) msg_id=0[0m
[0;32mI (259399) MQTT: Motion stopped![0m
[0;32mI (292899) MQTT: Publish motion status (1) msg_id=0[0m
[0;32mI (292899) MQTT: Motion detected![0m
[0;32mI (338369) MQTT: Publish motion status (1) msg_id=0[0m
[0;32mI (338369) MQTT: Night time[0m
[0;32mI (338869) MQTT: Publish motion status (0) msg_id=0[0m
[0;32mI (338869) MQTT: Day time[0m
[0;32mI (344399) MQTT: Publish motion status (0) msg_id=0[0m
[0;32mI (344399) MQTT: Motion stopped![0m
[0;32mI (346899) MQTT: Publish motion status (1) msg_id=0[0m
[0;32mI (346899) MQTT: Motion detected![0m
[0;32mI (363869) MQTT: Publish motion status (1) msg_id=0[0m
[0;32mI (363869) MQTT: Night time[0m
[0;32mI (373869) MQTT: Publish motion status (0) msg_id=0[0m
[0;32mI (373869) MQTT: Day time[0m
[0;32mI (392899) MQTT: Publish motion status (0) msg_id=0[0m
[0;32mI (392899) MQTT: Motion stopped![0m
[0;32mI (395399) MQTT: Publish motion status (1) msg_id=0[0m
[0;32mI (395399) MQTT: Motion detected![0m
[0;32mI (398869) MQTT: Publish motion status (1) msg_id=0[0m
[0;32mI (398869) MQTT: Night time[0m
[0;32mI (410899) MQTT: Publish motion status (0) msg_id=0[0m
[0;32mI (410899) MQTT: Motion stopped![0m
[0;32mI (415399) MQTT: Publish motion status (1) msg_id=0[0m
[0;32mI (415399) MQTT: Motion detected![0m
[0;32mI (418869) MQTT: Publish motion status (0) msg_id=0[0m
[0;32mI (418869) MQTT: Day time[0m
[0;32mI (432399) MQTT: Publish motion status (0) msg_id=0[0m
[0;32mI (432399) MQTT: Motion stopped![0m
[0;32mI (435399) MQTT: Publish motion status (1) msg_id=0[0m
[0;32mI (435399) MQTT: Motion detected![0m
[0;32mI (443399) MQTT: Publish motion status (0) msg_id=0[0m
[0;32mI (443399) MQTT: Motion stopped![0m
[0;32mI (443869) MQTT: Publish motion status (1) msg_id=0[0m
[0;32mI (443869) MQTT: Night time[0m
[0;32mI (461899) MQTT: Publish motion status (1) msg_id=0[0m
[0;32mI (461899) MQTT: Motion detected![0m
